/root/.profile: line 30: /data/Albus/scopetrace_arr2026/bin/env: No such file or directory
	Command being timed: "python3 experiments/care_replay/scripts/run_care2.py suite --config experiments/care_replay/configs/source_outcome_continuous_exploration.json --strategy full_source_outcome --calibration-seed-start 66000 --heldout-seed-start 67000 --pair-workers 12 --parallel-pairs 7 --output-tag continuous_matched_30x50_20260807"
	User time (seconds): 149190.27
	System time (seconds): 180.09
	Percent of CPU this job got: 6066%
	Elapsed (wall clock) time (h:mm:ss or m:ss): 41:02.01
	Average shared text size (kbytes): 0
	Average unshared data size (kbytes): 0
	Average stack size (kbytes): 0
	Average total size (kbytes): 0
	Maximum resident set size (kbytes): 890172
	Average resident set size (kbytes): 0
	Major (requiring I/O) page faults: 20
	Minor (reclaiming a frame) page faults: 55927184
	Voluntary context switches: 11782
	Involuntary context switches: 16850537
	Swaps: 0
	File system inputs: 14552
	File system outputs: 2513080
	Socket messages sent: 0
	Socket messages received: 0
	Signals delivered: 0
	Page size (bytes): 4096
	Exit status: 0
