{
  "experiment": "care2_baumgartner_multisource_warmstart_confirmation",
  "protocol_version": "care2_baumgartner_multisource_warmstart_v2_posthoc_stress",
  "target_task_calibration": false,
  "development_selection": {
    "schema_version": "care.multisource_warmstart_selection/v1",
    "selection_scope": "development_tasks_only_policy_reused_for_posthoc_stress",
    "config_fingerprint": "59e55a8f275f3a79e0b4e62b74511057ca2f64c987a3d0e9dabdb2f3fad452fd",
    "development_task_ids": [
      "real_baumgartner_cn_aniline_ephos",
      "real_baumgartner_cn_aniline_tbuxphos",
      "real_baumgartner_cn_aniline_tbubrettphos",
      "real_baumgartner_cn_aniline_alphos",
      "real_baumgartner_cn_benzamide_tbuxphos",
      "real_baumgartner_cn_benzamide_tbubrettphos",
      "real_baumgartner_cn_benzamide_alphos",
      "real_baumgartner_cn_phenethylamine_tbuxphos",
      "real_baumgartner_cn_phenethylamine_tbubrettphos"
    ],
    "evaluation_task_ids_not_loaded": [
      "real_baumgartner_cn_phenethylamine_alphos",
      "real_baumgartner_cn_morpholine_tbubrettphos",
      "real_baumgartner_cn_morpholine_alphos",
      "real_baumgartner_cn_morpholine_tbubrettphos_preliminary"
    ],
    "candidate_comparisons": {
      "warmstart_all_0.85": {
        "task_count": 9,
        "references": [
          "target_gp_random_initial",
          "target_gp_space_filling"
        ],
        "reference_selection": "strongest_mean_per_task",
        "final_best": {
          "task_mean_delta": -0.043434,
          "task_95ci_low": -0.157966,
          "task_95ci_high": 0.071099,
          "task_win_rate": 0.111111,
          "task_nonloss_rate": 0.888889,
          "per_task": {
            "real_baumgartner_cn_aniline_ephos": {
              "challenger": 96.4441,
              "reference_mode": "target_gp_random_initial",
              "reference": 96.944862,
              "delta": -0.500762
            },
            "real_baumgartner_cn_aniline_tbuxphos": {
              "challenger": 100.0,
              "reference_mode": "target_gp_space_filling",
              "reference": 100.0,
              "delta": 0.0
            },
            "real_baumgartner_cn_aniline_tbubrettphos": {
              "challenger": 100.0,
              "reference_mode": "target_gp_random_initial",
              "reference": 100.0,
              "delta": 0.0
            },
            "real_baumgartner_cn_aniline_alphos": {
              "challenger": 99.6941,
              "reference_mode": "target_gp_random_initial",
              "reference": 99.58424,
              "delta": 0.10986
            },
            "real_baumgartner_cn_benzamide_tbuxphos": {
              "challenger": 25.8976,
              "reference_mode": "target_gp_space_filling",
              "reference": 25.8976,
              "delta": 0.0
            },
            "real_baumgartner_cn_benzamide_tbubrettphos": {
              "challenger": 97.9373,
              "reference_mode": "target_gp_random_initial",
              "reference": 97.9373,
              "delta": 0.0
            },
            "real_baumgartner_cn_benzamide_alphos": {
              "challenger": 67.3272,
              "reference_mode": "target_gp_space_filling",
              "reference": 67.3272,
              "delta": 0.0
            },
            "real_baumgartner_cn_phenethylamine_tbuxphos": {
              "challenger": 100.0,
              "reference_mode": "target_gp_space_filling",
              "reference": 100.0,
              "delta": 0.0
            },
            "real_baumgartner_cn_phenethylamine_tbubrettphos": {
              "challenger": 99.9296,
              "reference_mode": "target_gp_space_filling",
              "reference": 99.9296,
              "delta": 0.0
            }
          }
        },
        "best_so_far_auc": {
          "task_mean_delta": 1.030958,
          "task_95ci_low": 0.081801,
          "task_95ci_high": 1.980114,
          "task_win_rate": 0.777778,
          "task_nonloss_rate": 0.888889,
          "per_task": {
            "real_baumgartner_cn_aniline_ephos": {
              "challenger": 96.4441,
              "reference_mode": "target_gp_space_filling",
              "reference": 91.98832,
              "delta": 4.45578
            },
            "real_baumgartner_cn_aniline_tbuxphos": {
              "challenger": 100.0,
              "reference_mode": "target_gp_random_initial",
              "reference": 99.342349,
              "delta": 0.657651
            },
            "real_baumgartner_cn_aniline_tbubrettphos": {
              "challenger": 100.0,
              "reference_mode": "target_gp_space_filling",
              "reference": 100.0,
              "delta": 0.0
            },
            "real_baumgartner_cn_aniline_alphos": {
              "challenger": 99.53154,
              "reference_mode": "target_gp_space_filling",
              "reference": 99.23323,
              "delta": 0.29831
            },
            "real_baumgartner_cn_benzamide_tbuxphos": {
              "challenger": 25.71951,
              "reference_mode": "target_gp_random_initial",
              "reference": 23.70515,
              "delta": 2.01436
            },
            "real_baumgartner_cn_benzamide_tbubrettphos": {
              "challenger": 97.9373,
              "reference_mode": "target_gp_space_filling",
              "reference": 96.75533,
              "delta": 1.18197
            },
            "real_baumgartner_cn_benzamide_alphos": {
              "challenger": 67.28657,
              "reference_mode": "target_gp_space_filling",
              "reference": 67.24594,
              "delta": 0.04063
            },
            "real_baumgartner_cn_phenethylamine_tbuxphos": {
              "challenger": 99.85645,
              "reference_mode": "target_gp_space_filling",
              "reference": 100.0,
              "delta": -0.14355
            },
            "real_baumgartner_cn_phenethylamine_tbubrettphos": {
              "challenger": 98.29702,
              "reference_mode": "target_gp_random_initial",
              "reference": 97.523553,
              "delta": 0.773467
            }
          }
        },
        "top10_hit": {
          "task_mean_delta": 0.0,
          "task_95ci_low": 0.0,
          "task_95ci_high": 0.0,
          "task_win_rate": 0.0,
          "task_nonloss_rate": 1.0,
          "per_task": {
            "real_baumgartner_cn_aniline_ephos": {
              "challenger": 1.0,
              "reference_mode": "target_gp_random_initial",
              "reference": 1.0,
              "delta": 0.0
            },
            "real_baumgartner_cn_aniline_tbuxphos": {
              "challenger": 1.0,
              "reference_mode": "target_gp_random_initial",
              "reference": 1.0,
              "delta": 0.0
            },
            "real_baumgartner_cn_aniline_tbubrettphos": {
              "challenger": 1.0,
              "reference_mode": "target_gp_random_initial",
              "reference": 1.0,
              "delta": 0.0
            },
            "real_baumgartner_cn_aniline_alphos": {
              "challenger": 1.0,
              "reference_mode": "target_gp_random_initial",
              "reference": 1.0,
              "delta": 0.0
            },
            "real_baumgartner_cn_benzamide_tbuxphos": {
              "challenger": 1.0,
              "reference_mode": "target_gp_random_initial",
              "reference": 1.0,
              "delta": 0.0
            },
            "real_baumgartner_cn_benzamide_tbubrettphos": {
              "challenger": 1.0,
              "reference_mode": "target_gp_random_initial",
              "reference": 1.0,
              "delta": 0.0
            },
            "real_baumgartner_cn_benzamide_alphos": {
              "challenger": 1.0,
              "reference_mode": "target_gp_random_initial",
              "reference": 1.0,
              "delta": 0.0
            },
            "real_baumgartner_cn_phenethylamine_tbuxphos": {
              "challenger": 1.0,
              "reference_mode": "target_gp_random_initial",
              "reference": 1.0,
              "delta": 0.0
            },
            "real_baumgartner_cn_phenethylamine_tbubrettphos": {
              "challenger": 1.0,
              "reference_mode": "target_gp_random_initial",
              "reference": 1.0,
              "delta": 0.0
            }
          }
        }
      },
      "warmstart_all_1.00_q0.50": {
        "task_count": 9,
        "references": [
          "target_gp_random_initial",
          "target_gp_space_filling"
        ],
        "reference_selection": "strongest_mean_per_task",
        "final_best": {
          "task_mean_delta": -0.066011,
          "task_95ci_low": -0.174418,
          "task_95ci_high": 0.042395,
          "task_win_rate": 0.0,
          "task_nonloss_rate": 0.777778,
          "per_task": {
            "real_baumgartner_cn_aniline_ephos": {
              "challenger": 96.4441,
              "reference_mode": "target_gp_random_initial",
              "reference": 96.944862,
              "delta": -0.500762
            },
            "real_baumgartner_cn_aniline_tbuxphos": {
              "challenger": 100.0,
              "reference_mode": "target_gp_space_filling",
              "reference": 100.0,
              "delta": 0.0
            },
            "real_baumgartner_cn_aniline_tbubrettphos": {
              "challenger": 100.0,
              "reference_mode": "target_gp_random_initial",
              "reference": 100.0,
              "delta": 0.0
            },
            "real_baumgartner_cn_aniline_alphos": {
              "challenger": 99.4909,
              "reference_mode": "target_gp_random_initial",
              "reference": 99.58424,
              "delta": -0.09334
            },
            "real_baumgartner_cn_benzamide_tbuxphos": {
              "challenger": 25.8976,
              "reference_mode": "target_gp_space_filling",
              "reference": 25.8976,
              "delta": 0.0
            },
            "real_baumgartner_cn_benzamide_tbubrettphos": {
              "challenger": 97.9373,
              "reference_mode": "target_gp_random_initial",
              "reference": 97.9373,
              "delta": 0.0
            },
            "real_baumgartner_cn_benzamide_alphos": {
              "challenger": 67.3272,
              "reference_mode": "target_gp_space_filling",
              "reference": 67.3272,
              "delta": 0.0
            },
            "real_baumgartner_cn_phenethylamine_tbuxphos": {
              "challenger": 100.0,
              "reference_mode": "target_gp_space_filling",
              "reference": 100.0,
              "delta": 0.0
            },
            "real_baumgartner_cn_phenethylamine_tbubrettphos": {
              "challenger": 99.9296,
              "reference_mode": "target_gp_space_filling",
              "reference": 99.9296,
              "delta": 0.0
            }
          }
        },
        "best_so_far_auc": {
          "task_mean_delta": 1.071021,
          "task_95ci_low": 0.111116,
          "task_95ci_high": 2.030926,
          "task_win_rate": 0.666667,
          "task_nonloss_rate": 0.777778,
          "per_task": {
            "real_baumgartner_cn_aniline_ephos": {
              "challenger": 96.4441,
              "reference_mode": "target_gp_space_filling",
              "reference": 91.98832,
              "delta": 4.45578
            },
            "real_baumgartner_cn_aniline_tbuxphos": {
              "challenger": 100.0,
              "reference_mode": "target_gp_random_initial",
              "reference": 99.342349,
              "delta": 0.657651
            },
            "real_baumgartner_cn_aniline_tbubrettphos": {
              "challenger": 99.96302,
              "reference_mode": "target_gp_space_filling",
              "reference": 100.0,
              "delta": -0.03698
            },
            "real_baumgartner_cn_aniline_alphos": {
              "challenger": 99.14734,
              "reference_mode": "target_gp_space_filling",
              "reference": 99.23323,
              "delta": -0.08589
            },
            "real_baumgartner_cn_benzamide_tbuxphos": {
              "challenger": 25.54142,
              "reference_mode": "target_gp_random_initial",
              "reference": 23.70515,
              "delta": 1.83627
            },
            "real_baumgartner_cn_benzamide_tbubrettphos": {
              "challenger": 97.9373,
              "reference_mode": "target_gp_space_filling",
              "reference": 96.75533,
              "delta": 1.18197
            },
            "real_baumgartner_cn_benzamide_alphos": {
              "challenger": 67.28657,
              "reference_mode": "target_gp_space_filling",
              "reference": 67.24594,
              "delta": 0.04063
            },
            "real_baumgartner_cn_phenethylamine_tbuxphos": {
              "challenger": 100.0,
              "reference_mode": "target_gp_space_filling",
              "reference": 100.0,
              "delta": 0.0
            },
            "real_baumgartner_cn_phenethylamine_tbubrettphos": {
              "challenger": 99.11331,
              "reference_mode": "target_gp_random_initial",
              "reference": 97.523553,
              "delta": 1.589757
            }
          }
        },
        "top10_hit": {
          "task_mean_delta": 0.0,
          "task_95ci_low": 0.0,
          "task_95ci_high": 0.0,
          "task_win_rate": 0.0,
          "task_nonloss_rate": 1.0,
          "per_task": {
            "real_baumgartner_cn_aniline_ephos": {
              "challenger": 1.0,
              "reference_mode": "target_gp_random_initial",
              "reference": 1.0,
              "delta": 0.0
            },
            "real_baumgartner_cn_aniline_tbuxphos": {
              "challenger": 1.0,
              "reference_mode": "target_gp_random_initial",
              "reference": 1.0,
              "delta": 0.0
            },
            "real_baumgartner_cn_aniline_tbubrettphos": {
              "challenger": 1.0,
              "reference_mode": "target_gp_random_initial",
              "reference": 1.0,
              "delta": 0.0
            },
            "real_baumgartner_cn_aniline_alphos": {
              "challenger": 1.0,
              "reference_mode": "target_gp_random_initial",
              "reference": 1.0,
              "delta": 0.0
            },
            "real_baumgartner_cn_benzamide_tbuxphos": {
              "challenger": 1.0,
              "reference_mode": "target_gp_random_initial",
              "reference": 1.0,
              "delta": 0.0
            },
            "real_baumgartner_cn_benzamide_tbubrettphos": {
              "challenger": 1.0,
              "reference_mode": "target_gp_random_initial",
              "reference": 1.0,
              "delta": 0.0
            },
            "real_baumgartner_cn_benzamide_alphos": {
              "challenger": 1.0,
              "reference_mode": "target_gp_random_initial",
              "reference": 1.0,
              "delta": 0.0
            },
            "real_baumgartner_cn_phenethylamine_tbuxphos": {
              "challenger": 1.0,
              "reference_mode": "target_gp_random_initial",
              "reference": 1.0,
              "delta": 0.0
            },
            "real_baumgartner_cn_phenethylamine_tbubrettphos": {
              "challenger": 1.0,
              "reference_mode": "target_gp_random_initial",
              "reference": 1.0,
              "delta": 0.0
            }
          }
        }
      },
      "warmstart_same_substrate_then_precatalyst_0.40": {
        "task_count": 9,
        "references": [
          "target_gp_random_initial",
          "target_gp_space_filling"
        ],
        "reference_selection": "strongest_mean_per_task",
        "final_best": {
          "task_mean_delta": -0.043434,
          "task_95ci_low": -0.157966,
          "task_95ci_high": 0.071099,
          "task_win_rate": 0.111111,
          "task_nonloss_rate": 0.888889,
          "per_task": {
            "real_baumgartner_cn_aniline_ephos": {
              "challenger": 96.4441,
              "reference_mode": "target_gp_random_initial",
              "reference": 96.944862,
              "delta": -0.500762
            },
            "real_baumgartner_cn_aniline_tbuxphos": {
              "challenger": 100.0,
              "reference_mode": "target_gp_space_filling",
              "reference": 100.0,
              "delta": 0.0
            },
            "real_baumgartner_cn_aniline_tbubrettphos": {
              "challenger": 100.0,
              "reference_mode": "target_gp_random_initial",
              "reference": 100.0,
              "delta": 0.0
            },
            "real_baumgartner_cn_aniline_alphos": {
              "challenger": 99.6941,
              "reference_mode": "target_gp_random_initial",
              "reference": 99.58424,
              "delta": 0.10986
            },
            "real_baumgartner_cn_benzamide_tbuxphos": {
              "challenger": 25.8976,
              "reference_mode": "target_gp_space_filling",
              "reference": 25.8976,
              "delta": 0.0
            },
            "real_baumgartner_cn_benzamide_tbubrettphos": {
              "challenger": 97.9373,
              "reference_mode": "target_gp_random_initial",
              "reference": 97.9373,
              "delta": 0.0
            },
            "real_baumgartner_cn_benzamide_alphos": {
              "challenger": 67.3272,
              "reference_mode": "target_gp_space_filling",
              "reference": 67.3272,
              "delta": 0.0
            },
            "real_baumgartner_cn_phenethylamine_tbuxphos": {
              "challenger": 100.0,
              "reference_mode": "target_gp_space_filling",
              "reference": 100.0,
              "delta": 0.0
            },
            "real_baumgartner_cn_phenethylamine_tbubrettphos": {
              "challenger": 99.9296,
              "reference_mode": "target_gp_space_filling",
              "reference": 99.9296,
              "delta": 0.0
            }
          }
        },
        "best_so_far_auc": {
          "task_mean_delta": 0.978651,
          "task_95ci_low": 0.313567,
          "task_95ci_high": 1.643734,
          "task_win_rate": 0.777778,
          "task_nonloss_rate": 0.888889,
          "per_task": {
            "real_baumgartner_cn_aniline_ephos": {
              "challenger": 94.04134,
              "reference_mode": "target_gp_space_filling",
              "reference": 91.98832,
              "delta": 2.05302
            },
            "real_baumgartner_cn_aniline_tbuxphos": {
              "challenger": 100.0,
              "reference_mode": "target_gp_random_initial",
              "reference": 99.342349,
              "delta": 0.657651
            },
            "real_baumgartner_cn_aniline_tbubrettphos": {
              "challenger": 100.0,
              "reference_mode": "target_gp_space_filling",
              "reference": 100.0,
              "delta": 0.0
            },
            "real_baumgartner_cn_aniline_alphos": {
              "challenger": 99.6941,
              "reference_mode": "target_gp_space_filling",
              "reference": 99.23323,
              "delta": 0.46087
            },
            "real_baumgartner_cn_benzamide_tbuxphos": {
              "challenger": 25.8976,
              "reference_mode": "target_gp_random_initial",
              "reference": 23.70515,
              "delta": 2.19245
            },
            "real_baumgartner_cn_benzamide_tbubrettphos": {
              "challenger": 97.9373,
              "reference_mode": "target_gp_space_filling",
              "reference": 96.75533,
              "delta": 1.18197
            },
            "real_baumgartner_cn_benzamide_alphos": {
              "challenger": 67.3272,
              "reference_mode": "target_gp_space_filling",
              "reference": 67.24594,
              "delta": 0.08126
            },
            "real_baumgartner_cn_phenethylamine_tbuxphos": {
              "challenger": 99.77459,
              "reference_mode": "target_gp_space_filling",
              "reference": 100.0,
              "delta": -0.22541
            },
            "real_baumgartner_cn_phenethylamine_tbubrettphos": {
              "challenger": 99.9296,
              "reference_mode": "target_gp_random_initial",
              "reference": 97.523553,
              "delta": 2.406047
            }
          }
        },
        "top10_hit": {
          "task_mean_delta": 0.0,
          "task_95ci_low": 0.0,
          "task_95ci_high": 0.0,
          "task_win_rate": 0.0,
          "task_nonloss_rate": 1.0,
          "per_task": {
            "real_baumgartner_cn_aniline_ephos": {
              "challenger": 1.0,
              "reference_mode": "target_gp_random_initial",
              "reference": 1.0,
              "delta": 0.0
            },
            "real_baumgartner_cn_aniline_tbuxphos": {
              "challenger": 1.0,
              "reference_mode": "target_gp_random_initial",
              "reference": 1.0,
              "delta": 0.0
            },
            "real_baumgartner_cn_aniline_tbubrettphos": {
              "challenger": 1.0,
              "reference_mode": "target_gp_random_initial",
              "reference": 1.0,
              "delta": 0.0
            },
            "real_baumgartner_cn_aniline_alphos": {
              "challenger": 1.0,
              "reference_mode": "target_gp_random_initial",
              "reference": 1.0,
              "delta": 0.0
            },
            "real_baumgartner_cn_benzamide_tbuxphos": {
              "challenger": 1.0,
              "reference_mode": "target_gp_random_initial",
              "reference": 1.0,
              "delta": 0.0
            },
            "real_baumgartner_cn_benzamide_tbubrettphos": {
              "challenger": 1.0,
              "reference_mode": "target_gp_random_initial",
              "reference": 1.0,
              "delta": 0.0
            },
            "real_baumgartner_cn_benzamide_alphos": {
              "challenger": 1.0,
              "reference_mode": "target_gp_random_initial",
              "reference": 1.0,
              "delta": 0.0
            },
            "real_baumgartner_cn_phenethylamine_tbuxphos": {
              "challenger": 1.0,
              "reference_mode": "target_gp_random_initial",
              "reference": 1.0,
              "delta": 0.0
            },
            "real_baumgartner_cn_phenethylamine_tbubrettphos": {
              "challenger": 1.0,
              "reference_mode": "target_gp_random_initial",
              "reference": 1.0,
              "delta": 0.0
            }
          }
        }
      },
      "warmstart_same_substrate_then_precatalyst_0.85": {
        "task_count": 9,
        "references": [
          "target_gp_random_initial",
          "target_gp_space_filling"
        ],
        "reference_selection": "strongest_mean_per_task",
        "final_best": {
          "task_mean_delta": -0.043434,
          "task_95ci_low": -0.157966,
          "task_95ci_high": 0.071099,
          "task_win_rate": 0.111111,
          "task_nonloss_rate": 0.888889,
          "per_task": {
            "real_baumgartner_cn_aniline_ephos": {
              "challenger": 96.4441,
              "reference_mode": "target_gp_random_initial",
              "reference": 96.944862,
              "delta": -0.500762
            },
            "real_baumgartner_cn_aniline_tbuxphos": {
              "challenger": 100.0,
              "reference_mode": "target_gp_space_filling",
              "reference": 100.0,
              "delta": 0.0
            },
            "real_baumgartner_cn_aniline_tbubrettphos": {
              "challenger": 100.0,
              "reference_mode": "target_gp_random_initial",
              "reference": 100.0,
              "delta": 0.0
            },
            "real_baumgartner_cn_aniline_alphos": {
              "challenger": 99.6941,
              "reference_mode": "target_gp_random_initial",
              "reference": 99.58424,
              "delta": 0.10986
            },
            "real_baumgartner_cn_benzamide_tbuxphos": {
              "challenger": 25.8976,
              "reference_mode": "target_gp_space_filling",
              "reference": 25.8976,
              "delta": 0.0
            },
            "real_baumgartner_cn_benzamide_tbubrettphos": {
              "challenger": 97.9373,
              "reference_mode": "target_gp_random_initial",
              "reference": 97.9373,
              "delta": 0.0
            },
            "real_baumgartner_cn_benzamide_alphos": {
              "challenger": 67.3272,
              "reference_mode": "target_gp_space_filling",
              "reference": 67.3272,
              "delta": 0.0
            },
            "real_baumgartner_cn_phenethylamine_tbuxphos": {
              "challenger": 100.0,
              "reference_mode": "target_gp_space_filling",
              "reference": 100.0,
              "delta": 0.0
            },
            "real_baumgartner_cn_phenethylamine_tbubrettphos": {
              "challenger": 99.9296,
              "reference_mode": "target_gp_space_filling",
              "reference": 99.9296,
              "delta": 0.0
            }
          }
        },
        "best_so_far_auc": {
          "task_mean_delta": 1.191261,
          "task_95ci_low": 0.243597,
          "task_95ci_high": 2.138925,
          "task_win_rate": 0.777778,
          "task_nonloss_rate": 1.0,
          "per_task": {
            "real_baumgartner_cn_aniline_ephos": {
              "challenger": 96.4441,
              "reference_mode": "target_gp_space_filling",
              "reference": 91.98832,
              "delta": 4.45578
            },
            "real_baumgartner_cn_aniline_tbuxphos": {
              "challenger": 100.0,
              "reference_mode": "target_gp_random_initial",
              "reference": 99.342349,
              "delta": 0.657651
            },
            "real_baumgartner_cn_aniline_tbubrettphos": {
              "challenger": 100.0,
              "reference_mode": "target_gp_space_filling",
              "reference": 100.0,
              "delta": 0.0
            },
            "real_baumgartner_cn_aniline_alphos": {
              "challenger": 99.6941,
              "reference_mode": "target_gp_space_filling",
              "reference": 99.23323,
              "delta": 0.46087
            },
            "real_baumgartner_cn_benzamide_tbuxphos": {
              "challenger": 25.71951,
              "reference_mode": "target_gp_random_initial",
              "reference": 23.70515,
              "delta": 2.01436
            },
            "real_baumgartner_cn_benzamide_tbubrettphos": {
              "challenger": 97.9373,
              "reference_mode": "target_gp_space_filling",
              "reference": 96.75533,
              "delta": 1.18197
            },
            "real_baumgartner_cn_benzamide_alphos": {
              "challenger": 67.28657,
              "reference_mode": "target_gp_space_filling",
              "reference": 67.24594,
              "delta": 0.04063
            },
            "real_baumgartner_cn_phenethylamine_tbuxphos": {
              "challenger": 100.0,
              "reference_mode": "target_gp_space_filling",
              "reference": 100.0,
              "delta": 0.0
            },
            "real_baumgartner_cn_phenethylamine_tbubrettphos": {
              "challenger": 99.43364,
              "reference_mode": "target_gp_random_initial",
              "reference": 97.523553,
              "delta": 1.910087
            }
          }
        },
        "top10_hit": {
          "task_mean_delta": 0.0,
          "task_95ci_low": 0.0,
          "task_95ci_high": 0.0,
          "task_win_rate": 0.0,
          "task_nonloss_rate": 1.0,
          "per_task": {
            "real_baumgartner_cn_aniline_ephos": {
              "challenger": 1.0,
              "reference_mode": "target_gp_random_initial",
              "reference": 1.0,
              "delta": 0.0
            },
            "real_baumgartner_cn_aniline_tbuxphos": {
              "challenger": 1.0,
              "reference_mode": "target_gp_random_initial",
              "reference": 1.0,
              "delta": 0.0
            },
            "real_baumgartner_cn_aniline_tbubrettphos": {
              "challenger": 1.0,
              "reference_mode": "target_gp_random_initial",
              "reference": 1.0,
              "delta": 0.0
            },
            "real_baumgartner_cn_aniline_alphos": {
              "challenger": 1.0,
              "reference_mode": "target_gp_random_initial",
              "reference": 1.0,
              "delta": 0.0
            },
            "real_baumgartner_cn_benzamide_tbuxphos": {
              "challenger": 1.0,
              "reference_mode": "target_gp_random_initial",
              "reference": 1.0,
              "delta": 0.0
            },
            "real_baumgartner_cn_benzamide_tbubrettphos": {
              "challenger": 1.0,
              "reference_mode": "target_gp_random_initial",
              "reference": 1.0,
              "delta": 0.0
            },
            "real_baumgartner_cn_benzamide_alphos": {
              "challenger": 1.0,
              "reference_mode": "target_gp_random_initial",
              "reference": 1.0,
              "delta": 0.0
            },
            "real_baumgartner_cn_phenethylamine_tbuxphos": {
              "challenger": 1.0,
              "reference_mode": "target_gp_random_initial",
              "reference": 1.0,
              "delta": 0.0
            },
            "real_baumgartner_cn_phenethylamine_tbubrettphos": {
              "challenger": 1.0,
              "reference_mode": "target_gp_random_initial",
              "reference": 1.0,
              "delta": 0.0
            }
          }
        }
      },
      "warmstart_same_substrate_then_precatalyst_0.85_q0.50": {
        "task_count": 9,
        "references": [
          "target_gp_random_initial",
          "target_gp_space_filling"
        ],
        "reference_selection": "strongest_mean_per_task",
        "final_best": {
          "task_mean_delta": 0.167511,
          "task_95ci_low": -0.210678,
          "task_95ci_high": 0.5457,
          "task_win_rate": 0.222222,
          "task_nonloss_rate": 0.888889,
          "per_task": {
            "real_baumgartner_cn_aniline_ephos": {
              "challenger": 98.6297,
              "reference_mode": "target_gp_random_initial",
              "reference": 96.944862,
              "delta": 1.684838
            },
            "real_baumgartner_cn_aniline_tbuxphos": {
              "challenger": 100.0,
              "reference_mode": "target_gp_space_filling",
              "reference": 100.0,
              "delta": 0.0
            },
            "real_baumgartner_cn_aniline_tbubrettphos": {
              "challenger": 100.0,
              "reference_mode": "target_gp_random_initial",
              "reference": 100.0,
              "delta": 0.0
            },
            "real_baumgartner_cn_aniline_alphos": {
              "challenger": 99.6941,
              "reference_mode": "target_gp_random_initial",
              "reference": 99.58424,
              "delta": 0.10986
            },
            "real_baumgartner_cn_benzamide_tbuxphos": {
              "challenger": 25.8976,
              "reference_mode": "target_gp_space_filling",
              "reference": 25.8976,
              "delta": 0.0
            },
            "real_baumgartner_cn_benzamide_tbubrettphos": {
              "challenger": 97.9373,
              "reference_mode": "target_gp_random_initial",
              "reference": 97.9373,
              "delta": 0.0
            },
            "real_baumgartner_cn_benzamide_alphos": {
              "challenger": 67.3272,
              "reference_mode": "target_gp_space_filling",
              "reference": 67.3272,
              "delta": 0.0
            },
            "real_baumgartner_cn_phenethylamine_tbuxphos": {
              "challenger": 99.7129,
              "reference_mode": "target_gp_space_filling",
              "reference": 100.0,
              "delta": -0.2871
            },
            "real_baumgartner_cn_phenethylamine_tbubrettphos": {
              "challenger": 99.9296,
              "reference_mode": "target_gp_space_filling",
              "reference": 99.9296,
              "delta": 0.0
            }
          }
        },
        "best_so_far_auc": {
          "task_mean_delta": 1.363773,
          "task_95ci_low": -0.023874,
          "task_95ci_high": 2.75142,
          "task_win_rate": 0.777778,
          "task_nonloss_rate": 0.888889,
          "per_task": {
            "real_baumgartner_cn_aniline_ephos": {
              "challenger": 98.6297,
              "reference_mode": "target_gp_space_filling",
              "reference": 91.98832,
              "delta": 6.64138
            },
            "real_baumgartner_cn_aniline_tbuxphos": {
              "challenger": 100.0,
              "reference_mode": "target_gp_random_initial",
              "reference": 99.342349,
              "delta": 0.657651
            },
            "real_baumgartner_cn_aniline_tbubrettphos": {
              "challenger": 100.0,
              "reference_mode": "target_gp_space_filling",
              "reference": 100.0,
              "delta": 0.0
            },
            "real_baumgartner_cn_aniline_alphos": {
              "challenger": 99.6941,
              "reference_mode": "target_gp_space_filling",
              "reference": 99.23323,
              "delta": 0.46087
            },
            "real_baumgartner_cn_benzamide_tbuxphos": {
              "challenger": 25.18524,
              "reference_mode": "target_gp_random_initial",
              "reference": 23.70515,
              "delta": 1.48009
            },
            "real_baumgartner_cn_benzamide_tbubrettphos": {
              "challenger": 97.9373,
              "reference_mode": "target_gp_space_filling",
              "reference": 96.75533,
              "delta": 1.18197
            },
            "real_baumgartner_cn_benzamide_alphos": {
              "challenger": 67.28657,
              "reference_mode": "target_gp_space_filling",
              "reference": 67.24594,
              "delta": 0.04063
            },
            "real_baumgartner_cn_phenethylamine_tbuxphos": {
              "challenger": 99.7129,
              "reference_mode": "target_gp_space_filling",
              "reference": 100.0,
              "delta": -0.2871
            },
            "real_baumgartner_cn_phenethylamine_tbubrettphos": {
              "challenger": 99.62202,
              "reference_mode": "target_gp_random_initial",
              "reference": 97.523553,
              "delta": 2.098467
            }
          }
        },
        "top10_hit": {
          "task_mean_delta": 0.0,
          "task_95ci_low": 0.0,
          "task_95ci_high": 0.0,
          "task_win_rate": 0.0,
          "task_nonloss_rate": 1.0,
          "per_task": {
            "real_baumgartner_cn_aniline_ephos": {
              "challenger": 1.0,
              "reference_mode": "target_gp_random_initial",
              "reference": 1.0,
              "delta": 0.0
            },
            "real_baumgartner_cn_aniline_tbuxphos": {
              "challenger": 1.0,
              "reference_mode": "target_gp_random_initial",
              "reference": 1.0,
              "delta": 0.0
            },
            "real_baumgartner_cn_aniline_tbubrettphos": {
              "challenger": 1.0,
              "reference_mode": "target_gp_random_initial",
              "reference": 1.0,
              "delta": 0.0
            },
            "real_baumgartner_cn_aniline_alphos": {
              "challenger": 1.0,
              "reference_mode": "target_gp_random_initial",
              "reference": 1.0,
              "delta": 0.0
            },
            "real_baumgartner_cn_benzamide_tbuxphos": {
              "challenger": 1.0,
              "reference_mode": "target_gp_random_initial",
              "reference": 1.0,
              "delta": 0.0
            },
            "real_baumgartner_cn_benzamide_tbubrettphos": {
              "challenger": 1.0,
              "reference_mode": "target_gp_random_initial",
              "reference": 1.0,
              "delta": 0.0
            },
            "real_baumgartner_cn_benzamide_alphos": {
              "challenger": 1.0,
              "reference_mode": "target_gp_random_initial",
              "reference": 1.0,
              "delta": 0.0
            },
            "real_baumgartner_cn_phenethylamine_tbuxphos": {
              "challenger": 1.0,
              "reference_mode": "target_gp_random_initial",
              "reference": 1.0,
              "delta": 0.0
            },
            "real_baumgartner_cn_phenethylamine_tbubrettphos": {
              "challenger": 1.0,
              "reference_mode": "target_gp_random_initial",
              "reference": 1.0,
              "delta": 0.0
            }
          }
        }
      },
      "warmstart_same_substrate_then_precatalyst_1.00_q0.25": {
        "task_count": 9,
        "references": [
          "target_gp_random_initial",
          "target_gp_space_filling"
        ],
        "reference_selection": "strongest_mean_per_task",
        "final_best": {
          "task_mean_delta": -0.043434,
          "task_95ci_low": -0.157966,
          "task_95ci_high": 0.071099,
          "task_win_rate": 0.111111,
          "task_nonloss_rate": 0.888889,
          "per_task": {
            "real_baumgartner_cn_aniline_ephos": {
              "challenger": 96.4441,
              "reference_mode": "target_gp_random_initial",
              "reference": 96.944862,
              "delta": -0.500762
            },
            "real_baumgartner_cn_aniline_tbuxphos": {
              "challenger": 100.0,
              "reference_mode": "target_gp_space_filling",
              "reference": 100.0,
              "delta": 0.0
            },
            "real_baumgartner_cn_aniline_tbubrettphos": {
              "challenger": 100.0,
              "reference_mode": "target_gp_random_initial",
              "reference": 100.0,
              "delta": 0.0
            },
            "real_baumgartner_cn_aniline_alphos": {
              "challenger": 99.6941,
              "reference_mode": "target_gp_random_initial",
              "reference": 99.58424,
              "delta": 0.10986
            },
            "real_baumgartner_cn_benzamide_tbuxphos": {
              "challenger": 25.8976,
              "reference_mode": "target_gp_space_filling",
              "reference": 25.8976,
              "delta": 0.0
            },
            "real_baumgartner_cn_benzamide_tbubrettphos": {
              "challenger": 97.9373,
              "reference_mode": "target_gp_random_initial",
              "reference": 97.9373,
              "delta": 0.0
            },
            "real_baumgartner_cn_benzamide_alphos": {
              "challenger": 67.3272,
              "reference_mode": "target_gp_space_filling",
              "reference": 67.3272,
              "delta": 0.0
            },
            "real_baumgartner_cn_phenethylamine_tbuxphos": {
              "challenger": 100.0,
              "reference_mode": "target_gp_space_filling",
              "reference": 100.0,
              "delta": 0.0
            },
            "real_baumgartner_cn_phenethylamine_tbubrettphos": {
              "challenger": 99.9296,
              "reference_mode": "target_gp_space_filling",
              "reference": 99.9296,
              "delta": 0.0
            }
          }
        },
        "best_so_far_auc": {
          "task_mean_delta": 1.127039,
          "task_95ci_low": 0.194529,
          "task_95ci_high": 2.059549,
          "task_win_rate": 0.777778,
          "task_nonloss_rate": 1.0,
          "per_task": {
            "real_baumgartner_cn_aniline_ephos": {
              "challenger": 96.4441,
              "reference_mode": "target_gp_space_filling",
              "reference": 91.98832,
              "delta": 4.45578
            },
            "real_baumgartner_cn_aniline_tbuxphos": {
              "challenger": 100.0,
              "reference_mode": "target_gp_random_initial",
              "reference": 99.342349,
              "delta": 0.657651
            },
            "real_baumgartner_cn_aniline_tbubrettphos": {
              "challenger": 100.0,
              "reference_mode": "target_gp_space_filling",
              "reference": 100.0,
              "delta": 0.0
            },
            "real_baumgartner_cn_aniline_alphos": {
              "challenger": 99.6941,
              "reference_mode": "target_gp_space_filling",
              "reference": 99.23323,
              "delta": 0.46087
            },
            "real_baumgartner_cn_benzamide_tbuxphos": {
              "challenger": 25.71951,
              "reference_mode": "target_gp_random_initial",
              "reference": 23.70515,
              "delta": 2.01436
            },
            "real_baumgartner_cn_benzamide_tbubrettphos": {
              "challenger": 97.9373,
              "reference_mode": "target_gp_space_filling",
              "reference": 96.75533,
              "delta": 1.18197
            },
            "real_baumgartner_cn_benzamide_alphos": {
              "challenger": 67.28657,
              "reference_mode": "target_gp_space_filling",
              "reference": 67.24594,
              "delta": 0.04063
            },
            "real_baumgartner_cn_phenethylamine_tbuxphos": {
              "challenger": 100.0,
              "reference_mode": "target_gp_space_filling",
              "reference": 100.0,
              "delta": 0.0
            },
            "real_baumgartner_cn_phenethylamine_tbubrettphos": {
              "challenger": 98.85564,
              "reference_mode": "target_gp_random_initial",
              "reference": 97.523553,
              "delta": 1.332087
            }
          }
        },
        "top10_hit": {
          "task_mean_delta": 0.0,
          "task_95ci_low": 0.0,
          "task_95ci_high": 0.0,
          "task_win_rate": 0.0,
          "task_nonloss_rate": 1.0,
          "per_task": {
            "real_baumgartner_cn_aniline_ephos": {
              "challenger": 1.0,
              "reference_mode": "target_gp_random_initial",
              "reference": 1.0,
              "delta": 0.0
            },
            "real_baumgartner_cn_aniline_tbuxphos": {
              "challenger": 1.0,
              "reference_mode": "target_gp_random_initial",
              "reference": 1.0,
              "delta": 0.0
            },
            "real_baumgartner_cn_aniline_tbubrettphos": {
              "challenger": 1.0,
              "reference_mode": "target_gp_random_initial",
              "reference": 1.0,
              "delta": 0.0
            },
            "real_baumgartner_cn_aniline_alphos": {
              "challenger": 1.0,
              "reference_mode": "target_gp_random_initial",
              "reference": 1.0,
              "delta": 0.0
            },
            "real_baumgartner_cn_benzamide_tbuxphos": {
              "challenger": 1.0,
              "reference_mode": "target_gp_random_initial",
              "reference": 1.0,
              "delta": 0.0
            },
            "real_baumgartner_cn_benzamide_tbubrettphos": {
              "challenger": 1.0,
              "reference_mode": "target_gp_random_initial",
              "reference": 1.0,
              "delta": 0.0
            },
            "real_baumgartner_cn_benzamide_alphos": {
              "challenger": 1.0,
              "reference_mode": "target_gp_random_initial",
              "reference": 1.0,
              "delta": 0.0
            },
            "real_baumgartner_cn_phenethylamine_tbuxphos": {
              "challenger": 1.0,
              "reference_mode": "target_gp_random_initial",
              "reference": 1.0,
              "delta": 0.0
            },
            "real_baumgartner_cn_phenethylamine_tbubrettphos": {
              "challenger": 1.0,
              "reference_mode": "target_gp_random_initial",
              "reference": 1.0,
              "delta": 0.0
            }
          }
        }
      },
      "warmstart_same_substrate_then_precatalyst_1.00_q0.50": {
        "task_count": 9,
        "references": [
          "target_gp_random_initial",
          "target_gp_space_filling"
        ],
        "reference_selection": "strongest_mean_per_task",
        "final_best": {
          "task_mean_delta": 0.199411,
          "task_95ci_low": -0.165292,
          "task_95ci_high": 0.564114,
          "task_win_rate": 0.222222,
          "task_nonloss_rate": 1.0,
          "per_task": {
            "real_baumgartner_cn_aniline_ephos": {
              "challenger": 98.6297,
              "reference_mode": "target_gp_random_initial",
              "reference": 96.944862,
              "delta": 1.684838
            },
            "real_baumgartner_cn_aniline_tbuxphos": {
              "challenger": 100.0,
              "reference_mode": "target_gp_space_filling",
              "reference": 100.0,
              "delta": 0.0
            },
            "real_baumgartner_cn_aniline_tbubrettphos": {
              "challenger": 100.0,
              "reference_mode": "target_gp_random_initial",
              "reference": 100.0,
              "delta": 0.0
            },
            "real_baumgartner_cn_aniline_alphos": {
              "challenger": 99.6941,
              "reference_mode": "target_gp_random_initial",
              "reference": 99.58424,
              "delta": 0.10986
            },
            "real_baumgartner_cn_benzamide_tbuxphos": {
              "challenger": 25.8976,
              "reference_mode": "target_gp_space_filling",
              "reference": 25.8976,
              "delta": 0.0
            },
            "real_baumgartner_cn_benzamide_tbubrettphos": {
              "challenger": 97.9373,
              "reference_mode": "target_gp_random_initial",
              "reference": 97.9373,
              "delta": 0.0
            },
            "real_baumgartner_cn_benzamide_alphos": {
              "challenger": 67.3272,
              "reference_mode": "target_gp_space_filling",
              "reference": 67.3272,
              "delta": 0.0
            },
            "real_baumgartner_cn_phenethylamine_tbuxphos": {
              "challenger": 100.0,
              "reference_mode": "target_gp_space_filling",
              "reference": 100.0,
              "delta": 0.0
            },
            "real_baumgartner_cn_phenethylamine_tbubrettphos": {
              "challenger": 99.9296,
              "reference_mode": "target_gp_space_filling",
              "reference": 99.9296,
              "delta": 0.0
            }
          }
        },
        "best_so_far_auc": {
          "task_mean_delta": 1.389941,
          "task_95ci_low": 0.004589,
          "task_95ci_high": 2.775293,
          "task_win_rate": 0.777778,
          "task_nonloss_rate": 0.888889,
          "per_task": {
            "real_baumgartner_cn_aniline_ephos": {
              "challenger": 98.6297,
              "reference_mode": "target_gp_space_filling",
              "reference": 91.98832,
              "delta": 6.64138
            },
            "real_baumgartner_cn_aniline_tbuxphos": {
              "challenger": 100.0,
              "reference_mode": "target_gp_random_initial",
              "reference": 99.342349,
              "delta": 0.657651
            },
            "real_baumgartner_cn_aniline_tbubrettphos": {
              "challenger": 100.0,
              "reference_mode": "target_gp_space_filling",
              "reference": 100.0,
              "delta": 0.0
            },
            "real_baumgartner_cn_aniline_alphos": {
              "challenger": 99.6941,
              "reference_mode": "target_gp_space_filling",
              "reference": 99.23323,
              "delta": 0.46087
            },
            "real_baumgartner_cn_benzamide_tbuxphos": {
              "challenger": 25.36333,
              "reference_mode": "target_gp_random_initial",
              "reference": 23.70515,
              "delta": 1.65818
            },
            "real_baumgartner_cn_benzamide_tbubrettphos": {
              "challenger": 97.9373,
              "reference_mode": "target_gp_space_filling",
              "reference": 96.75533,
              "delta": 1.18197
            },
            "real_baumgartner_cn_benzamide_alphos": {
              "challenger": 67.28657,
              "reference_mode": "target_gp_space_filling",
              "reference": 67.24594,
              "delta": 0.04063
            },
            "real_baumgartner_cn_phenethylamine_tbuxphos": {
              "challenger": 99.77032,
              "reference_mode": "target_gp_space_filling",
              "reference": 100.0,
              "delta": -0.22968
            },
            "real_baumgartner_cn_phenethylamine_tbubrettphos": {
              "challenger": 99.62202,
              "reference_mode": "target_gp_random_initial",
              "reference": 97.523553,
              "delta": 2.098467
            }
          }
        },
        "top10_hit": {
          "task_mean_delta": 0.0,
          "task_95ci_low": 0.0,
          "task_95ci_high": 0.0,
          "task_win_rate": 0.0,
          "task_nonloss_rate": 1.0,
          "per_task": {
            "real_baumgartner_cn_aniline_ephos": {
              "challenger": 1.0,
              "reference_mode": "target_gp_random_initial",
              "reference": 1.0,
              "delta": 0.0
            },
            "real_baumgartner_cn_aniline_tbuxphos": {
              "challenger": 1.0,
              "reference_mode": "target_gp_random_initial",
              "reference": 1.0,
              "delta": 0.0
            },
            "real_baumgartner_cn_aniline_tbubrettphos": {
              "challenger": 1.0,
              "reference_mode": "target_gp_random_initial",
              "reference": 1.0,
              "delta": 0.0
            },
            "real_baumgartner_cn_aniline_alphos": {
              "challenger": 1.0,
              "reference_mode": "target_gp_random_initial",
              "reference": 1.0,
              "delta": 0.0
            },
            "real_baumgartner_cn_benzamide_tbuxphos": {
              "challenger": 1.0,
              "reference_mode": "target_gp_random_initial",
              "reference": 1.0,
              "delta": 0.0
            },
            "real_baumgartner_cn_benzamide_tbubrettphos": {
              "challenger": 1.0,
              "reference_mode": "target_gp_random_initial",
              "reference": 1.0,
              "delta": 0.0
            },
            "real_baumgartner_cn_benzamide_alphos": {
              "challenger": 1.0,
              "reference_mode": "target_gp_random_initial",
              "reference": 1.0,
              "delta": 0.0
            },
            "real_baumgartner_cn_phenethylamine_tbuxphos": {
              "challenger": 1.0,
              "reference_mode": "target_gp_random_initial",
              "reference": 1.0,
              "delta": 0.0
            },
            "real_baumgartner_cn_phenethylamine_tbubrettphos": {
              "challenger": 1.0,
              "reference_mode": "target_gp_random_initial",
              "reference": 1.0,
              "delta": 0.0
            }
          }
        }
      },
      "warmstart_same_substrate_then_precatalyst_1.00_q0.70": {
        "task_count": 9,
        "references": [
          "target_gp_random_initial",
          "target_gp_space_filling"
        ],
        "reference_selection": "strongest_mean_per_task",
        "final_best": {
          "task_mean_delta": 0.199411,
          "task_95ci_low": -0.165292,
          "task_95ci_high": 0.564114,
          "task_win_rate": 0.222222,
          "task_nonloss_rate": 1.0,
          "per_task": {
            "real_baumgartner_cn_aniline_ephos": {
              "challenger": 98.6297,
              "reference_mode": "target_gp_random_initial",
              "reference": 96.944862,
              "delta": 1.684838
            },
            "real_baumgartner_cn_aniline_tbuxphos": {
              "challenger": 100.0,
              "reference_mode": "target_gp_space_filling",
              "reference": 100.0,
              "delta": 0.0
            },
            "real_baumgartner_cn_aniline_tbubrettphos": {
              "challenger": 100.0,
              "reference_mode": "target_gp_random_initial",
              "reference": 100.0,
              "delta": 0.0
            },
            "real_baumgartner_cn_aniline_alphos": {
              "challenger": 99.6941,
              "reference_mode": "target_gp_random_initial",
              "reference": 99.58424,
              "delta": 0.10986
            },
            "real_baumgartner_cn_benzamide_tbuxphos": {
              "challenger": 25.8976,
              "reference_mode": "target_gp_space_filling",
              "reference": 25.8976,
              "delta": 0.0
            },
            "real_baumgartner_cn_benzamide_tbubrettphos": {
              "challenger": 97.9373,
              "reference_mode": "target_gp_random_initial",
              "reference": 97.9373,
              "delta": 0.0
            },
            "real_baumgartner_cn_benzamide_alphos": {
              "challenger": 67.3272,
              "reference_mode": "target_gp_space_filling",
              "reference": 67.3272,
              "delta": 0.0
            },
            "real_baumgartner_cn_phenethylamine_tbuxphos": {
              "challenger": 100.0,
              "reference_mode": "target_gp_space_filling",
              "reference": 100.0,
              "delta": 0.0
            },
            "real_baumgartner_cn_phenethylamine_tbubrettphos": {
              "challenger": 99.9296,
              "reference_mode": "target_gp_space_filling",
              "reference": 99.9296,
              "delta": 0.0
            }
          }
        },
        "best_so_far_auc": {
          "task_mean_delta": 0.814091,
          "task_95ci_low": -0.523895,
          "task_95ci_high": 2.152077,
          "task_win_rate": 0.777778,
          "task_nonloss_rate": 0.888889,
          "per_task": {
            "real_baumgartner_cn_aniline_ephos": {
              "challenger": 96.54888,
              "reference_mode": "target_gp_space_filling",
              "reference": 91.98832,
              "delta": 4.56056
            },
            "real_baumgartner_cn_aniline_tbuxphos": {
              "challenger": 100.0,
              "reference_mode": "target_gp_random_initial",
              "reference": 99.342349,
              "delta": 0.657651
            },
            "real_baumgartner_cn_aniline_tbubrettphos": {
              "challenger": 100.0,
              "reference_mode": "target_gp_space_filling",
              "reference": 100.0,
              "delta": 0.0
            },
            "real_baumgartner_cn_aniline_alphos": {
              "challenger": 99.6941,
              "reference_mode": "target_gp_space_filling",
              "reference": 99.23323,
              "delta": 0.46087
            },
            "real_baumgartner_cn_benzamide_tbuxphos": {
              "challenger": 25.71951,
              "reference_mode": "target_gp_random_initial",
              "reference": 23.70515,
              "delta": 2.01436
            },
            "real_baumgartner_cn_benzamide_tbubrettphos": {
              "challenger": 97.9373,
              "reference_mode": "target_gp_space_filling",
              "reference": 96.75533,
              "delta": 1.18197
            },
            "real_baumgartner_cn_benzamide_alphos": {
              "challenger": 67.3272,
              "reference_mode": "target_gp_space_filling",
              "reference": 67.24594,
              "delta": 0.08126
            },
            "real_baumgartner_cn_phenethylamine_tbuxphos": {
              "challenger": 96.80979,
              "reference_mode": "target_gp_space_filling",
              "reference": 100.0,
              "delta": -3.19021
            },
            "real_baumgartner_cn_phenethylamine_tbubrettphos": {
              "challenger": 99.08391,
              "reference_mode": "target_gp_random_initial",
              "reference": 97.523553,
              "delta": 1.560357
            }
          }
        },
        "top10_hit": {
          "task_mean_delta": 0.0,
          "task_95ci_low": 0.0,
          "task_95ci_high": 0.0,
          "task_win_rate": 0.0,
          "task_nonloss_rate": 1.0,
          "per_task": {
            "real_baumgartner_cn_aniline_ephos": {
              "challenger": 1.0,
              "reference_mode": "target_gp_random_initial",
              "reference": 1.0,
              "delta": 0.0
            },
            "real_baumgartner_cn_aniline_tbuxphos": {
              "challenger": 1.0,
              "reference_mode": "target_gp_random_initial",
              "reference": 1.0,
              "delta": 0.0
            },
            "real_baumgartner_cn_aniline_tbubrettphos": {
              "challenger": 1.0,
              "reference_mode": "target_gp_random_initial",
              "reference": 1.0,
              "delta": 0.0
            },
            "real_baumgartner_cn_aniline_alphos": {
              "challenger": 1.0,
              "reference_mode": "target_gp_random_initial",
              "reference": 1.0,
              "delta": 0.0
            },
            "real_baumgartner_cn_benzamide_tbuxphos": {
              "challenger": 1.0,
              "reference_mode": "target_gp_random_initial",
              "reference": 1.0,
              "delta": 0.0
            },
            "real_baumgartner_cn_benzamide_tbubrettphos": {
              "challenger": 1.0,
              "reference_mode": "target_gp_random_initial",
              "reference": 1.0,
              "delta": 0.0
            },
            "real_baumgartner_cn_benzamide_alphos": {
              "challenger": 1.0,
              "reference_mode": "target_gp_random_initial",
              "reference": 1.0,
              "delta": 0.0
            },
            "real_baumgartner_cn_phenethylamine_tbuxphos": {
              "challenger": 1.0,
              "reference_mode": "target_gp_random_initial",
              "reference": 1.0,
              "delta": 0.0
            },
            "real_baumgartner_cn_phenethylamine_tbubrettphos": {
              "challenger": 1.0,
              "reference_mode": "target_gp_random_initial",
              "reference": 1.0,
              "delta": 0.0
            }
          }
        }
      }
    },
    "baseline_development_means": {
      "target_gp_random_initial": 83.99775919999999,
      "target_gp_space_filling": 84.71737888888889
    },
    "selection_metric": "best_so_far_auc",
    "selection_required_ci_low": 0.0,
    "selection_required_task_nonloss_rate": 0.8,
    "eligible_selection_priority": "mean_then_confidence",
    "best_source_mode": "warmstart_same_substrate_then_precatalyst_0.40",
    "best_source_policy": {
      "source_scope": "same_substrate_then_precatalyst",
      "diversity_weight": 0.4,
      "source_quantile": 0.0
    },
    "selected_mode": "warmstart_same_substrate_then_precatalyst_1.00_q0.50",
    "selected_route": {
      "mode": "multisource_diverse_warmstart",
      "policy_id": "warmstart_same_substrate_then_precatalyst_1.00_q0.50",
      "source_scope": "same_substrate_then_precatalyst",
      "diversity_weight": 1.0,
      "source_quantile": 0.5
    },
    "target_task_calibration": false,
    "posthoc_stress_warning": "These evaluation outcomes were observed in v1 before v2; do not treat as held-out confirmation."
  },
  "evaluated_source_policy": {
    "mode": "multisource_diverse_warmstart",
    "policy_id": "warmstart_same_substrate_then_precatalyst_1.00_q0.50",
    "source_scope": "same_substrate_then_precatalyst",
    "diversity_weight": 1.0,
    "source_quantile": 0.5
  },
  "aggregate_by_task": {
    "real_baumgartner_cn_morpholine_alphos": {
      "development_selected_route": {
        "final_best": 72.5938,
        "best_so_far_auc": 66.12558,
        "simple_regret": 0.0,
        "top10_hit": 1.0
      },
      "multisource_diverse_warmstart": {
        "final_best": 72.5938,
        "best_so_far_auc": 66.12558,
        "simple_regret": 0.0,
        "top10_hit": 1.0
      },
      "target_gp_random_initial": {
        "final_best": 71.975231,
        "best_so_far_auc": 66.847868,
        "simple_regret": 0.618569,
        "top10_hit": 1.0
      },
      "target_gp_space_filling": {
        "final_best": 72.5938,
        "best_so_far_auc": 61.4873,
        "simple_regret": 0.0,
        "top10_hit": 1.0
      }
    },
    "real_baumgartner_cn_morpholine_tbubrettphos": {
      "development_selected_route": {
        "final_best": 12.2435,
        "best_so_far_auc": 7.82138,
        "simple_regret": 0.0,
        "top10_hit": 1.0
      },
      "multisource_diverse_warmstart": {
        "final_best": 12.2435,
        "best_so_far_auc": 7.82138,
        "simple_regret": 0.0,
        "top10_hit": 1.0
      },
      "target_gp_random_initial": {
        "final_best": 9.080213,
        "best_so_far_auc": 6.81437,
        "simple_regret": 3.163287,
        "top10_hit": 1.0
      },
      "target_gp_space_filling": {
        "final_best": 12.2435,
        "best_so_far_auc": 4.72335,
        "simple_regret": 0.0,
        "top10_hit": 1.0
      }
    },
    "real_baumgartner_cn_morpholine_tbubrettphos_preliminary": {
      "development_selected_route": {
        "final_best": 11.9909,
        "best_so_far_auc": 11.9909,
        "simple_regret": 0.0,
        "top10_hit": 1.0
      },
      "multisource_diverse_warmstart": {
        "final_best": 11.9909,
        "best_so_far_auc": 11.9909,
        "simple_regret": 0.0,
        "top10_hit": 1.0
      },
      "target_gp_random_initial": {
        "final_best": 11.9909,
        "best_so_far_auc": 10.681132,
        "simple_regret": 0.0,
        "top10_hit": 1.0
      },
      "target_gp_space_filling": {
        "final_best": 11.9909,
        "best_so_far_auc": 11.60643,
        "simple_regret": 0.0,
        "top10_hit": 1.0
      }
    },
    "real_baumgartner_cn_phenethylamine_alphos": {
      "development_selected_route": {
        "final_best": 98.5826,
        "best_so_far_auc": 98.5826,
        "simple_regret": 0.0,
        "top10_hit": 1.0
      },
      "multisource_diverse_warmstart": {
        "final_best": 98.5826,
        "best_so_far_auc": 98.5826,
        "simple_regret": 0.0,
        "top10_hit": 1.0
      },
      "target_gp_random_initial": {
        "final_best": 98.469178,
        "best_so_far_auc": 97.408409,
        "simple_regret": 0.113422,
        "top10_hit": 1.0
      },
      "target_gp_space_filling": {
        "final_best": 98.5826,
        "best_so_far_auc": 97.72554,
        "simple_regret": 0.0,
        "top10_hit": 1.0
      }
    }
  },
  "comparisons": {
    "multisource_diverse_warmstart": {
      "task_count": 4,
      "references": [
        "target_gp_random_initial",
        "target_gp_space_filling"
      ],
      "reference_selection": "strongest_mean_per_task",
      "final_best": {
        "task_mean_delta": 0.0,
        "task_95ci_low": 0.0,
        "task_95ci_high": 0.0,
        "task_win_rate": 0.0,
        "task_nonloss_rate": 1.0,
        "per_task": {
          "real_baumgartner_cn_phenethylamine_alphos": {
            "challenger": 98.5826,
            "reference_mode": "target_gp_space_filling",
            "reference": 98.5826,
            "delta": 0.0
          },
          "real_baumgartner_cn_morpholine_tbubrettphos": {
            "challenger": 12.2435,
            "reference_mode": "target_gp_space_filling",
            "reference": 12.2435,
            "delta": 0.0
          },
          "real_baumgartner_cn_morpholine_alphos": {
            "challenger": 72.5938,
            "reference_mode": "target_gp_space_filling",
            "reference": 72.5938,
            "delta": 0.0
          },
          "real_baumgartner_cn_morpholine_tbubrettphos_preliminary": {
            "challenger": 11.9909,
            "reference_mode": "target_gp_random_initial",
            "reference": 11.9909,
            "delta": 0.0
          }
        }
      },
      "best_so_far_auc": {
        "task_mean_delta": 0.381563,
        "task_95ci_low": -0.385048,
        "task_95ci_high": 1.148175,
        "task_win_rate": 0.75,
        "task_nonloss_rate": 0.75,
        "per_task": {
          "real_baumgartner_cn_phenethylamine_alphos": {
            "challenger": 98.5826,
            "reference_mode": "target_gp_space_filling",
            "reference": 97.72554,
            "delta": 0.85706
          },
          "real_baumgartner_cn_morpholine_tbubrettphos": {
            "challenger": 7.82138,
            "reference_mode": "target_gp_random_initial",
            "reference": 6.81437,
            "delta": 1.00701
          },
          "real_baumgartner_cn_morpholine_alphos": {
            "challenger": 66.12558,
            "reference_mode": "target_gp_random_initial",
            "reference": 66.847868,
            "delta": -0.722288
          },
          "real_baumgartner_cn_morpholine_tbubrettphos_preliminary": {
            "challenger": 11.9909,
            "reference_mode": "target_gp_space_filling",
            "reference": 11.60643,
            "delta": 0.38447
          }
        }
      },
      "top10_hit": {
        "task_mean_delta": 0.0,
        "task_95ci_low": 0.0,
        "task_95ci_high": 0.0,
        "task_win_rate": 0.0,
        "task_nonloss_rate": 1.0,
        "per_task": {
          "real_baumgartner_cn_phenethylamine_alphos": {
            "challenger": 1.0,
            "reference_mode": "target_gp_random_initial",
            "reference": 1.0,
            "delta": 0.0
          },
          "real_baumgartner_cn_morpholine_tbubrettphos": {
            "challenger": 1.0,
            "reference_mode": "target_gp_random_initial",
            "reference": 1.0,
            "delta": 0.0
          },
          "real_baumgartner_cn_morpholine_alphos": {
            "challenger": 1.0,
            "reference_mode": "target_gp_random_initial",
            "reference": 1.0,
            "delta": 0.0
          },
          "real_baumgartner_cn_morpholine_tbubrettphos_preliminary": {
            "challenger": 1.0,
            "reference_mode": "target_gp_random_initial",
            "reference": 1.0,
            "delta": 0.0
          }
        }
      }
    },
    "development_selected_route": {
      "task_count": 4,
      "references": [
        "target_gp_random_initial",
        "target_gp_space_filling"
      ],
      "reference_selection": "strongest_mean_per_task",
      "final_best": {
        "task_mean_delta": 0.0,
        "task_95ci_low": 0.0,
        "task_95ci_high": 0.0,
        "task_win_rate": 0.0,
        "task_nonloss_rate": 1.0,
        "per_task": {
          "real_baumgartner_cn_phenethylamine_alphos": {
            "challenger": 98.5826,
            "reference_mode": "target_gp_space_filling",
            "reference": 98.5826,
            "delta": 0.0
          },
          "real_baumgartner_cn_morpholine_tbubrettphos": {
            "challenger": 12.2435,
            "reference_mode": "target_gp_space_filling",
            "reference": 12.2435,
            "delta": 0.0
          },
          "real_baumgartner_cn_morpholine_alphos": {
            "challenger": 72.5938,
            "reference_mode": "target_gp_space_filling",
            "reference": 72.5938,
            "delta": 0.0
          },
          "real_baumgartner_cn_morpholine_tbubrettphos_preliminary": {
            "challenger": 11.9909,
            "reference_mode": "target_gp_random_initial",
            "reference": 11.9909,
            "delta": 0.0
          }
        }
      },
      "best_so_far_auc": {
        "task_mean_delta": 0.381563,
        "task_95ci_low": -0.385048,
        "task_95ci_high": 1.148175,
        "task_win_rate": 0.75,
        "task_nonloss_rate": 0.75,
        "per_task": {
          "real_baumgartner_cn_phenethylamine_alphos": {
            "challenger": 98.5826,
            "reference_mode": "target_gp_space_filling",
            "reference": 97.72554,
            "delta": 0.85706
          },
          "real_baumgartner_cn_morpholine_tbubrettphos": {
            "challenger": 7.82138,
            "reference_mode": "target_gp_random_initial",
            "reference": 6.81437,
            "delta": 1.00701
          },
          "real_baumgartner_cn_morpholine_alphos": {
            "challenger": 66.12558,
            "reference_mode": "target_gp_random_initial",
            "reference": 66.847868,
            "delta": -0.722288
          },
          "real_baumgartner_cn_morpholine_tbubrettphos_preliminary": {
            "challenger": 11.9909,
            "reference_mode": "target_gp_space_filling",
            "reference": 11.60643,
            "delta": 0.38447
          }
        }
      },
      "top10_hit": {
        "task_mean_delta": 0.0,
        "task_95ci_low": 0.0,
        "task_95ci_high": 0.0,
        "task_win_rate": 0.0,
        "task_nonloss_rate": 1.0,
        "per_task": {
          "real_baumgartner_cn_phenethylamine_alphos": {
            "challenger": 1.0,
            "reference_mode": "target_gp_random_initial",
            "reference": 1.0,
            "delta": 0.0
          },
          "real_baumgartner_cn_morpholine_tbubrettphos": {
            "challenger": 1.0,
            "reference_mode": "target_gp_random_initial",
            "reference": 1.0,
            "delta": 0.0
          },
          "real_baumgartner_cn_morpholine_alphos": {
            "challenger": 1.0,
            "reference_mode": "target_gp_random_initial",
            "reference": 1.0,
            "delta": 0.0
          },
          "real_baumgartner_cn_morpholine_tbubrettphos_preliminary": {
            "challenger": 1.0,
            "reference_mode": "target_gp_random_initial",
            "reference": 1.0,
            "delta": 0.0
          }
        }
      }
    }
  }
}
