/root/.profile: line 30: /data/Albus/scopetrace_arr2026/bin/env: No such file or directory
	Command being timed: "python3 experiments/care_replay/scripts/run_care2.py suite --config experiments/care_replay/configs/source_outcome_continuous_confirmation_materials.json --strategy full_source_outcome --calibration-seed-start 68000 --heldout-seed-start 69000 --pair-workers 48 --parallel-pairs 1 --output-tag continuous_materials_confirm_50x100_20260807"
	User time (seconds): 34934.86
	System time (seconds): 41.30
	Percent of CPU this job got: 4215%
	Elapsed (wall clock) time (h:mm:ss or m:ss): 13:49.62
	Average shared text size (kbytes): 0
	Average unshared data size (kbytes): 0
	Average stack size (kbytes): 0
	Average total size (kbytes): 0
	Maximum resident set size (kbytes): 583376
	Average resident set size (kbytes): 0
	Major (requiring I/O) page faults: 5
	Minor (reclaiming a frame) page faults: 17830072
	Voluntary context switches: 3424
	Involuntary context switches: 3587007
	Swaps: 0
	File system inputs: 3120
	File system outputs: 601464
	Socket messages sent: 0
	Socket messages received: 0
	Signals delivered: 0
	Page size (bytes): 4096
	Exit status: 0
