/root/.profile: line 30: /data/Albus/scopetrace_arr2026/bin/env: No such file or directory
	Command being timed: "python3 experiments/care_replay/scripts/run_care2.py suite --config experiments/care_replay/configs/source_outcome_benchmark.json --strategy full_source_outcome --calibration-seed-start 64000 --heldout-seed-start 65000 --pair-workers 12 --parallel-pairs 7 --output-tag review_controls_50x100_20260807_v2"
	User time (seconds): 257752.35
	System time (seconds): 425.54
	Percent of CPU this job got: 6380%
	Elapsed (wall clock) time (h:mm:ss or m:ss): 1:07:26
	Average shared text size (kbytes): 0
	Average unshared data size (kbytes): 0
	Average stack size (kbytes): 0
	Average total size (kbytes): 0
	Maximum resident set size (kbytes): 1229760
	Average resident set size (kbytes): 0
	Major (requiring I/O) page faults: 848
	Minor (reclaiming a frame) page faults: 188418659
	Voluntary context switches: 22956
	Involuntary context switches: 27406617
	Swaps: 0
	File system inputs: 312
	File system outputs: 5149760
	Socket messages sent: 0
	Socket messages received: 0
	Signals delivered: 0
	Page size (bytes): 4096
	Exit status: 0
