{
  "experiment": "care2_classical_transfer_bo_confirmation",
  "protocol_version": "care2_classical_transfer_confirmation_v1",
  "pair": {
    "pair_id": "materials_dielectric_to_expt_gap",
    "source_dataset": "real_matbench_dielectric",
    "target_dataset": "real_matbench_expt_gap",
    "source_observations": 2048,
    "initial_observations": 2,
    "reveal_rounds": 13
  },
  "matched_initial_observations": true,
  "source_model": {
    "source_observation_count": 2048,
    "inducing_count": 256,
    "approximation": "deterministic farthest-point sparse GP"
  },
  "methods": {
    "target_gp_ucb": "Target-only GP-UCB using the same initial target observations.",
    "rgpe": "Ranking-weighted source/target GP ensemble with Monte Carlo ranking weights.",
    "multitask_gp_icm": "Two-task intrinsic-coregionalization GP conditioned on the source task; rho is selected online by target marginal likelihood, including rho=0 fallback."
  },
  "splits": {
    "calibration": {
      "aggregate": {
        "target_gp_ucb": {
          "final_best": {
            "mean": 59.6375,
            "std": 20.667667
          },
          "best_so_far_auc": {
            "mean": 44.644551,
            "std": 19.048364
          },
          "simple_regret": {
            "mean": 40.3625,
            "std": 20.667667
          },
          "top10_hit": {
            "mean": 0.133333,
            "std": 0.339935
          }
        },
        "rgpe": {
          "final_best": {
            "mean": 100.0,
            "std": 0.0
          },
          "best_so_far_auc": {
            "mean": 90.145192,
            "std": 11.864589
          },
          "simple_regret": {
            "mean": 0.0,
            "std": 0.0
          },
          "top10_hit": {
            "mean": 1.0,
            "std": 0.0
          }
        },
        "multitask_gp_icm": {
          "final_best": {
            "mean": 65.141667,
            "std": 31.935624
          },
          "best_so_far_auc": {
            "mean": 49.116667,
            "std": 25.843786
          },
          "simple_regret": {
            "mean": 34.858333,
            "std": 31.935624
          },
          "top10_hit": {
            "mean": 0.433333,
            "std": 0.495536
          }
        }
      },
      "rgpe_vs_target_gp": {
        "seed_count": 30,
        "final_best": {
          "mean_delta": 40.3625,
          "normal_95ci_low": 32.96667,
          "normal_95ci_high": 47.75833,
          "win_rate": 0.866667,
          "non_loss_rate": 1.0
        },
        "best_so_far_auc": {
          "mean_delta": 45.500641,
          "normal_95ci_low": 39.596458,
          "normal_95ci_high": 51.404824,
          "win_rate": 1.0,
          "non_loss_rate": 1.0
        },
        "top10_hit": {
          "mean_delta": 0.866667,
          "normal_95ci_low": 0.745023,
          "normal_95ci_high": 0.988311,
          "win_rate": 0.866667,
          "non_loss_rate": 1.0
        }
      },
      "multitask_gp_vs_target_gp": {
        "seed_count": 30,
        "final_best": {
          "mean_delta": 5.504167,
          "normal_95ci_low": -5.180458,
          "normal_95ci_high": 16.188792,
          "win_rate": 0.433333,
          "non_loss_rate": 0.666667
        },
        "best_so_far_auc": {
          "mean_delta": 4.472115,
          "normal_95ci_low": -3.629706,
          "normal_95ci_high": 12.573937,
          "win_rate": 0.433333,
          "non_loss_rate": 0.5
        },
        "top10_hit": {
          "mean_delta": 0.3,
          "normal_95ci_low": 0.111776,
          "normal_95ci_high": 0.488224,
          "win_rate": 0.333333,
          "non_loss_rate": 0.966667
        }
      }
    },
    "heldout": {
      "aggregate": {
        "target_gp_ucb": {
          "final_best": {
            "mean": 58.3025,
            "std": 23.51493
          },
          "best_so_far_auc": {
            "mean": 42.10125,
            "std": 19.770772
          },
          "simple_regret": {
            "mean": 41.6975,
            "std": 23.51493
          },
          "top10_hit": {
            "mean": 0.13,
            "std": 0.336303
          }
        },
        "rgpe": {
          "final_best": {
            "mean": 100.0,
            "std": 0.0
          },
          "best_so_far_auc": {
            "mean": 91.858462,
            "std": 10.037651
          },
          "simple_regret": {
            "mean": 0.0,
            "std": 0.0
          },
          "top10_hit": {
            "mean": 1.0,
            "std": 0.0
          }
        },
        "multitask_gp_icm": {
          "final_best": {
            "mean": 65.73375,
            "std": 30.262625
          },
          "best_so_far_auc": {
            "mean": 51.256923,
            "std": 28.010014
          },
          "simple_regret": {
            "mean": 34.26625,
            "std": 30.262625
          },
          "top10_hit": {
            "mean": 0.39,
            "std": 0.48775
          }
        }
      },
      "rgpe_vs_target_gp": {
        "seed_count": 100,
        "final_best": {
          "mean_delta": 41.6975,
          "normal_95ci_low": 37.088574,
          "normal_95ci_high": 46.306426,
          "win_rate": 0.87,
          "non_loss_rate": 1.0
        },
        "best_so_far_auc": {
          "mean_delta": 49.757211,
          "normal_95ci_low": 46.111192,
          "normal_95ci_high": 53.403231,
          "win_rate": 1.0,
          "non_loss_rate": 1.0
        },
        "top10_hit": {
          "mean_delta": 0.87,
          "normal_95ci_low": 0.804085,
          "normal_95ci_high": 0.935915,
          "win_rate": 0.87,
          "non_loss_rate": 1.0
        }
      },
      "multitask_gp_vs_target_gp": {
        "seed_count": 100,
        "final_best": {
          "mean_delta": 7.43125,
          "normal_95ci_low": 0.973208,
          "normal_95ci_high": 13.889292,
          "win_rate": 0.42,
          "non_loss_rate": 0.57
        },
        "best_so_far_auc": {
          "mean_delta": 9.155673,
          "normal_95ci_low": 3.663961,
          "normal_95ci_high": 14.647385,
          "win_rate": 0.52,
          "non_loss_rate": 0.54
        },
        "top10_hit": {
          "mean_delta": 0.26,
          "normal_95ci_low": 0.157704,
          "normal_95ci_high": 0.362296,
          "win_rate": 0.3,
          "non_loss_rate": 0.96
        }
      }
    }
  }
}
