{
  "experiment": "care2_classical_transfer_bo_confirmation",
  "protocol_version": "care2_classical_transfer_confirmation_v1",
  "pair": {
    "pair_id": "materials_expt_gap_to_dielectric",
    "source_dataset": "real_matbench_expt_gap",
    "target_dataset": "real_matbench_dielectric",
    "source_observations": 2048,
    "initial_observations": 2,
    "reveal_rounds": 13
  },
  "matched_initial_observations": true,
  "source_model": {
    "source_observation_count": 2048,
    "inducing_count": 256,
    "approximation": "deterministic farthest-point sparse GP"
  },
  "methods": {
    "target_gp_ucb": "Target-only GP-UCB using the same initial target observations.",
    "rgpe": "Ranking-weighted source/target GP ensemble with Monte Carlo ranking weights.",
    "multitask_gp_icm": "Two-task intrinsic-coregionalization GP conditioned on the source task; rho is selected online by target marginal likelihood, including rho=0 fallback."
  },
  "splits": {
    "calibration": {
      "aggregate": {
        "target_gp_ucb": {
          "final_best": {
            "mean": 49.58156,
            "std": 9.717496
          },
          "best_so_far_auc": {
            "mean": 44.055577,
            "std": 8.341064
          },
          "simple_regret": {
            "mean": 50.06384,
            "std": 9.717496
          },
          "top10_hit": {
            "mean": 0.066667,
            "std": 0.249444
          }
        },
        "rgpe": {
          "final_best": {
            "mean": 42.222213,
            "std": 11.671099
          },
          "best_so_far_auc": {
            "mean": 35.55255,
            "std": 7.264322
          },
          "simple_regret": {
            "mean": 57.423187,
            "std": 11.671099
          },
          "top10_hit": {
            "mean": 0.033333,
            "std": 0.179505
          }
        },
        "multitask_gp_icm": {
          "final_best": {
            "mean": 54.902013,
            "std": 7.901348
          },
          "best_so_far_auc": {
            "mean": 48.531756,
            "std": 7.152104
          },
          "simple_regret": {
            "mean": 44.743387,
            "std": 7.901348
          },
          "top10_hit": {
            "mean": 0.066667,
            "std": 0.249444
          }
        }
      },
      "rgpe_vs_target_gp": {
        "seed_count": 30,
        "final_best": {
          "mean_delta": -7.359347,
          "normal_95ci_low": -12.3136,
          "normal_95ci_high": -2.405093,
          "win_rate": 0.2,
          "non_loss_rate": 0.233333
        },
        "best_so_far_auc": {
          "mean_delta": -8.503027,
          "normal_95ci_low": -11.835279,
          "normal_95ci_high": -5.170776,
          "win_rate": 0.1,
          "non_loss_rate": 0.133333
        },
        "top10_hit": {
          "mean_delta": -0.033333,
          "normal_95ci_low": -0.145864,
          "normal_95ci_high": 0.079197,
          "win_rate": 0.033333,
          "non_loss_rate": 0.933333
        }
      },
      "multitask_gp_vs_target_gp": {
        "seed_count": 30,
        "final_best": {
          "mean_delta": 5.320453,
          "normal_95ci_low": 1.777855,
          "normal_95ci_high": 8.863051,
          "win_rate": 0.633333,
          "non_loss_rate": 0.8
        },
        "best_so_far_auc": {
          "mean_delta": 4.476179,
          "normal_95ci_low": 1.450858,
          "normal_95ci_high": 7.501501,
          "win_rate": 0.633333,
          "non_loss_rate": 0.666667
        },
        "top10_hit": {
          "mean_delta": 0.0,
          "normal_95ci_low": -0.092395,
          "normal_95ci_high": 0.092395,
          "win_rate": 0.033333,
          "non_loss_rate": 0.966667
        }
      }
    },
    "heldout": {
      "aggregate": {
        "target_gp_ucb": {
          "final_best": {
            "mean": 54.348985,
            "std": 11.05696
          },
          "best_so_far_auc": {
            "mean": 47.726028,
            "std": 9.293252
          },
          "simple_regret": {
            "mean": 45.296415,
            "std": 11.05696
          },
          "top10_hit": {
            "mean": 0.09,
            "std": 0.286182
          }
        },
        "rgpe": {
          "final_best": {
            "mean": 42.54965,
            "std": 11.696091
          },
          "best_so_far_auc": {
            "mean": 37.002847,
            "std": 9.667176
          },
          "simple_regret": {
            "mean": 57.09575,
            "std": 11.696091
          },
          "top10_hit": {
            "mean": 0.02,
            "std": 0.14
          }
        },
        "multitask_gp_icm": {
          "final_best": {
            "mean": 55.735844,
            "std": 10.789674
          },
          "best_so_far_auc": {
            "mean": 48.372617,
            "std": 7.260157
          },
          "simple_regret": {
            "mean": 43.909556,
            "std": 10.789674
          },
          "top10_hit": {
            "mean": 0.11,
            "std": 0.31289
          }
        }
      },
      "rgpe_vs_target_gp": {
        "seed_count": 100,
        "final_best": {
          "mean_delta": -11.799335,
          "normal_95ci_low": -14.913901,
          "normal_95ci_high": -8.684769,
          "win_rate": 0.16,
          "non_loss_rate": 0.23
        },
        "best_so_far_auc": {
          "mean_delta": -10.723181,
          "normal_95ci_low": -13.281404,
          "normal_95ci_high": -8.164958,
          "win_rate": 0.15,
          "non_loss_rate": 0.19
        },
        "top10_hit": {
          "mean_delta": -0.07,
          "normal_95ci_low": -0.133541,
          "normal_95ci_high": -0.006459,
          "win_rate": 0.02,
          "non_loss_rate": 0.91
        }
      },
      "multitask_gp_vs_target_gp": {
        "seed_count": 100,
        "final_best": {
          "mean_delta": 1.386859,
          "normal_95ci_low": -1.396521,
          "normal_95ci_high": 4.170239,
          "win_rate": 0.44,
          "non_loss_rate": 0.59
        },
        "best_so_far_auc": {
          "mean_delta": 0.646589,
          "normal_95ci_low": -1.376478,
          "normal_95ci_high": 2.669656,
          "win_rate": 0.54,
          "non_loss_rate": 0.58
        },
        "top10_hit": {
          "mean_delta": 0.02,
          "normal_95ci_low": -0.063063,
          "normal_95ci_high": 0.103063,
          "win_rate": 0.1,
          "non_loss_rate": 0.92
        }
      }
    }
  }
}
