{
  "experiment": "care2_classical_transfer_bo_confirmation",
  "protocol_version": "care2_classical_transfer_confirmation_v1",
  "pair": {
    "pair_id": "materials_phonons_to_dielectric",
    "source_dataset": "real_matbench_phonons",
    "target_dataset": "real_matbench_dielectric",
    "source_observations": 1024,
    "initial_observations": 5,
    "reveal_rounds": 10
  },
  "matched_initial_observations": true,
  "source_model": {
    "source_observation_count": 1024,
    "inducing_count": 256,
    "approximation": "deterministic farthest-point sparse GP"
  },
  "methods": {
    "target_gp_ucb": "Target-only GP-UCB using the same initial target observations.",
    "rgpe": "Ranking-weighted source/target GP ensemble with Monte Carlo ranking weights.",
    "multitask_gp_icm": "Two-task intrinsic-coregionalization GP conditioned on the source task; rho is selected online by target marginal likelihood, including rho=0 fallback."
  },
  "splits": {
    "calibration": {
      "aggregate": {
        "target_gp_ucb": {
          "final_best": {
            "mean": 51.266657,
            "std": 11.226986
          },
          "best_so_far_auc": {
            "mean": 46.249551,
            "std": 9.512018
          },
          "simple_regret": {
            "mean": 48.378743,
            "std": 11.226986
          },
          "top10_hit": {
            "mean": 0.066667,
            "std": 0.249444
          }
        },
        "rgpe": {
          "final_best": {
            "mean": 46.780503,
            "std": 9.296091
          },
          "best_so_far_auc": {
            "mean": 39.780049,
            "std": 5.801989
          },
          "simple_regret": {
            "mean": 52.864897,
            "std": 9.296091
          },
          "top10_hit": {
            "mean": 0.0,
            "std": 0.0
          }
        },
        "multitask_gp_icm": {
          "final_best": {
            "mean": 53.21498,
            "std": 5.77572
          },
          "best_so_far_auc": {
            "mean": 48.84883,
            "std": 5.656392
          },
          "simple_regret": {
            "mean": 46.43042,
            "std": 5.77572
          },
          "top10_hit": {
            "mean": 0.0,
            "std": 0.0
          }
        }
      },
      "rgpe_vs_target_gp": {
        "seed_count": 30,
        "final_best": {
          "mean_delta": -4.486153,
          "normal_95ci_low": -9.119228,
          "normal_95ci_high": 0.146921,
          "win_rate": 0.2,
          "non_loss_rate": 0.466667
        },
        "best_so_far_auc": {
          "mean_delta": -6.469502,
          "normal_95ci_low": -9.784024,
          "normal_95ci_high": -3.15498,
          "win_rate": 0.1,
          "non_loss_rate": 0.233333
        },
        "top10_hit": {
          "mean_delta": -0.066667,
          "normal_95ci_low": -0.155929,
          "normal_95ci_high": 0.022596,
          "win_rate": 0.0,
          "non_loss_rate": 0.933333
        }
      },
      "multitask_gp_vs_target_gp": {
        "seed_count": 30,
        "final_best": {
          "mean_delta": 1.948323,
          "normal_95ci_low": -1.906727,
          "normal_95ci_high": 5.803373,
          "win_rate": 0.533333,
          "non_loss_rate": 0.633333
        },
        "best_so_far_auc": {
          "mean_delta": 2.599279,
          "normal_95ci_low": -0.871258,
          "normal_95ci_high": 6.069816,
          "win_rate": 0.566667,
          "non_loss_rate": 0.6
        },
        "top10_hit": {
          "mean_delta": -0.066667,
          "normal_95ci_low": -0.155929,
          "normal_95ci_high": 0.022596,
          "win_rate": 0.0,
          "non_loss_rate": 0.933333
        }
      }
    },
    "heldout": {
      "aggregate": {
        "target_gp_ucb": {
          "final_best": {
            "mean": 51.085006,
            "std": 11.095988
          },
          "best_so_far_auc": {
            "mean": 45.975477,
            "std": 10.324772
          },
          "simple_regret": {
            "mean": 48.560394,
            "std": 11.095988
          },
          "top10_hit": {
            "mean": 0.05,
            "std": 0.217945
          }
        },
        "rgpe": {
          "final_best": {
            "mean": 48.262751,
            "std": 11.785048
          },
          "best_so_far_auc": {
            "mean": 42.651446,
            "std": 10.070934
          },
          "simple_regret": {
            "mean": 51.382649,
            "std": 11.785048
          },
          "top10_hit": {
            "mean": 0.04,
            "std": 0.195959
          }
        },
        "multitask_gp_icm": {
          "final_best": {
            "mean": 53.211632,
            "std": 10.674024
          },
          "best_so_far_auc": {
            "mean": 48.872629,
            "std": 8.024533
          },
          "simple_regret": {
            "mean": 46.433768,
            "std": 10.674024
          },
          "top10_hit": {
            "mean": 0.08,
            "std": 0.271293
          }
        }
      },
      "rgpe_vs_target_gp": {
        "seed_count": 100,
        "final_best": {
          "mean_delta": -2.822255,
          "normal_95ci_low": -5.517474,
          "normal_95ci_high": -0.127036,
          "win_rate": 0.22,
          "non_loss_rate": 0.59
        },
        "best_so_far_auc": {
          "mean_delta": -3.324031,
          "normal_95ci_low": -4.975535,
          "normal_95ci_high": -1.672527,
          "win_rate": 0.18,
          "non_loss_rate": 0.4
        },
        "top10_hit": {
          "mean_delta": -0.01,
          "normal_95ci_low": -0.053783,
          "normal_95ci_high": 0.033783,
          "win_rate": 0.02,
          "non_loss_rate": 0.97
        }
      },
      "multitask_gp_vs_target_gp": {
        "seed_count": 100,
        "final_best": {
          "mean_delta": 2.126626,
          "normal_95ci_low": -0.522632,
          "normal_95ci_high": 4.775884,
          "win_rate": 0.46,
          "non_loss_rate": 0.71
        },
        "best_so_far_auc": {
          "mean_delta": 2.897153,
          "normal_95ci_low": 1.019804,
          "normal_95ci_high": 4.774501,
          "win_rate": 0.57,
          "non_loss_rate": 0.73
        },
        "top10_hit": {
          "mean_delta": 0.03,
          "normal_95ci_low": -0.028505,
          "normal_95ci_high": 0.088505,
          "win_rate": 0.06,
          "non_loss_rate": 0.97
        }
      }
    }
  }
}
